---
source: contract-tests/tests/state.rs
expression: value
---
{
  "hires": {
    "coder": {
      "name": "coder",
      "rank": "senior",
      "command": "nano-coder",
      "args": [],
      "model": "gpt5",
      "capabilities": [
        "feature",
        "pr-review"
      ],
      "sandbox": "none",
      "image": "",
      "terminal": "pipe",
      "protocol": "acp",
      "permission": "yolo",
      "env": {},
      "createdAt": "[timestamp]"
    }
  }
}
